[00:00:34] [Async Chat Thread - #13/INFO]: [Not Secure] <JOSEPH92102> aca hay ovejas
[00:01:18] [Server thread/INFO]: Avocado_20 was blown up by Creeper
[00:02:12] [Server thread/INFO]: Avocado_20 lost connection: Disconnected
[00:02:12] [Server thread/INFO]: Avocado_20 left the game
[00:03:46] [Async Chat Thread - #14/INFO]: [Not Secure] <Wolfgood11> cocina la comida
[00:03:49] [Async Chat Thread - #14/INFO]: [Not Secure] <JOSEPH92102> casi me muero
[00:04:57] [Server thread/INFO]: JOSEPH92102 has made the advancement [Monster Hunter]
[00:07:13] [Async Chat Thread - #16/INFO]: [Not Secure] <Wolfgood11> q haces?
[00:07:25] [Async Chat Thread - #16/INFO]: [Not Secure] <JOSEPH92102> y el barco???
[00:08:00] [Async Chat Thread - #16/INFO]: [Not Secure] <JOSEPH92102> para
[00:08:03] [Server thread/INFO]: Stopping the server
[00:08:03] [Server thread/INFO]: Stopping server
[00:08:03] [Server thread/INFO]: Saving players
[00:08:03] [Server thread/INFO]: JOSEPH92102 lost connection: Server closed
[00:08:03] [Server thread/INFO]: JOSEPH92102 left the game
[00:08:03] [Server thread/INFO]: Wolfgood11 lost connection: Server closed
[00:08:03] [Server thread/INFO]: Wolfgood11 left the game
[00:08:03] [Server thread/INFO]: Saving worlds
[00:08:03] [Server thread/INFO]: Saving chunks for level 'ServerLevel[world]'/minecraft:overworld
[00:08:03] [Server thread/INFO]: [ChunkHolderManager] Waiting 60s for chunk system to halt for world 'world'
[00:08:03] [Server thread/INFO]: [ChunkHolderManager] Halted chunk system for world 'world'
[00:08:03] [Server thread/INFO]: [ChunkHolderManager] Saving all chunkholders for world 'world'
[00:08:04] [Server thread/INFO]: [ChunkHolderManager] Saved 587 block chunks, 331 entity chunks, 0 poi chunks in world 'world' in 0.96s
[00:08:04] [Server thread/INFO]: [ChunkHolderManager] Waiting 60s for chunk I/O to halt for world 'world'
[00:08:04] [Server thread/INFO]: [ChunkHolderManager] Halted I/O scheduler for world 'world'
[00:08:04] [Server thread/INFO]: Saving chunks for level 'ServerLevel[world_nether]'/minecraft:the_nether
[00:08:04] [Server thread/INFO]: [ChunkHolderManager] Waiting 60s for chunk system to halt for world 'world_nether'
[00:08:04] [Server thread/INFO]: [ChunkHolderManager] Halted chunk system for world 'world_nether'
[00:08:04] [Server thread/INFO]: [ChunkHolderManager] Saving all chunkholders for world 'world_nether'
[00:08:04] [Server thread/INFO]: [ChunkHolderManager] Saved 1 block chunks, 3 entity chunks, 0 poi chunks in world 'world_nether' in 0.00s
[00:08:04] [Server thread/INFO]: [ChunkHolderManager] Waiting 60s for chunk I/O to halt for world 'world_nether'
[00:08:04] [Server thread/INFO]: [ChunkHolderManager] Halted I/O scheduler for world 'world_nether'
[00:08:04] [Server thread/INFO]: Saving chunks for level 'ServerLevel[world_the_end]'/minecraft:the_end
[00:08:04] [Server thread/INFO]: [ChunkHolderManager] Waiting 60s for chunk system to halt for world 'world_the_end'
[00:08:04] [Server thread/INFO]: [ChunkHolderManager] Halted chunk system for world 'world_the_end'
[00:08:04] [Server thread/INFO]: [ChunkHolderManager] Saving all chunkholders for world 'world_the_end'
[00:08:04] [Server thread/INFO]: [ChunkHolderManager] Saved 0 block chunks, 5 entity chunks, 0 poi chunks in world 'world_the_end' in 0.00s
[00:08:04] [Server thread/INFO]: [ChunkHolderManager] Waiting 60s for chunk I/O to halt for world 'world_the_end'
[00:08:04] [Server thread/INFO]: [ChunkHolderManager] Halted I/O scheduler for world 'world_the_end'
[00:08:04] [Server thread/INFO]: ThreadedAnvilChunkStorage (world): All chunks are saved
[00:08:04] [Server thread/INFO]: ThreadedAnvilChunkStorage (DIM-1): All chunks are saved
[00:08:04] [Server thread/INFO]: ThreadedAnvilChunkStorage (DIM1): All chunks are saved
[00:08:04] [Server thread/INFO]: ThreadedAnvilChunkStorage: All dimensions are saved
[00:08:04] [Server thread/INFO]: Waiting for all RegionFile I/O tasks to complete...
[00:08:04] [Server thread/INFO]: All RegionFile I/O tasks to complete
[00:08:04] [Server thread/INFO]: [MoonriseCommon] Awaiting termination of worker pool for up to 60s...
[00:08:04] [Server thread/INFO]: [MoonriseCommon] Awaiting termination of I/O pool for up to 60s...
